#-----------------------------------------------------------
# Webtalk v2018.3 (64-bit)
# SW Build 2405991 on Thu Dec  6 23:36:41 MST 2018
# IP Build 2404404 on Fri Dec  7 01:43:56 MST 2018
# Start of session at: Fri Jan 14 11:25:43 2022
# Process ID: 6507
# Current directory: /home/sgorla/LabMAPD_A/uart_fir_filter_cascade/uart_fir_filter_cascade.sim/sim_1/behav/xsim
# Command line: wbtcv -mode batch -source /home/sgorla/LabMAPD_A/uart_fir_filter_cascade/uart_fir_filter_cascade.sim/sim_1/behav/xsim/xsim.dir/tb_uart_fir_filter_cascade_behav/webtalk/xsim_webtalk.tcl -notrace
# Log file: /home/sgorla/LabMAPD_A/uart_fir_filter_cascade/uart_fir_filter_cascade.sim/sim_1/behav/xsim/webtalk.log
# Journal file: /home/sgorla/LabMAPD_A/uart_fir_filter_cascade/uart_fir_filter_cascade.sim/sim_1/behav/xsim/webtalk.jou
#-----------------------------------------------------------
source /home/sgorla/LabMAPD_A/uart_fir_filter_cascade/uart_fir_filter_cascade.sim/sim_1/behav/xsim/xsim.dir/tb_uart_fir_filter_cascade_behav/webtalk/xsim_webtalk.tcl -notrace
